     ____
    / _  |   Frida 17.9.1 - A world-class dynamic instrumentation toolkit
   | (_| |
    > _  |   Commands:
   /_/ |_|       help      -> Displays the help system
   . . . .       object?   -> Display information about 'object'
   . . . .       exit/quit -> Exit
   . . . .
   . . . .   More info at https://frida.re/docs/home/
   . . . .
   . . . .   Connected to Android Emulator 5554 (id=emulator-5554)
Attaching...
[*] Starting universal SSL unpinning...
[*] Bypassing TrustManager...
[+] TrustManager bypassed
[*] Bypassing OkHttp CertificatePinner...
[-] OkHttp bypass failed: check(): specified argument types do not match any of:
	.overload('java.lang.String', 'java.util.List')
	.overload('java.lang.String', '[Ljava.security.cert.Certificate;')
[*] Bypassing SSLContext...
[+] SSLContext bypassed
[*] Bypassing Conscrypt...
[+] Conscrypt bypassed
[*] Bypassing WebView SSL...
[+] WebView SSL bypassed
[*] Bypassing HostnameVerifier...
[+] HostnameVerifier bypassed
[*] Bypassing NetworkSecurityConfig...
[-] NetworkSecurityConfig bypass failed: isCleartextTrafficPermitted(): specified argument types do not match any of:
	.overload()
[*] Bypassing Unity networking...
[+] Unity networking bypass attempted
[*] All SSL pinning bypasses applied
[*] Waiting for network requests...
[Android Emulator 5554::Super Snail ]-> [*] Conscrypt TrustManagerImpl.checkTrustedRecursive() bypassed
[*] Conscrypt TrustManagerImpl.checkTrustedRecursive() bypassed
[*] Conscrypt TrustManagerImpl.checkTrustedRecursive() bypassed
[*] Conscrypt TrustManagerImpl.checkTrustedRecursive() bypassed
[*] Conscrypt TrustManagerImpl.checkTrustedRecursive() bypassed
[*] SSLContext.getInstance() hooked: TLS
[*] SSLContext.init() hooked
[*] Conscrypt TrustManagerImpl.checkTrustedRecursive() bypassed
[*] Conscrypt TrustManagerImpl.checkTrustedRecursive() bypassed
[*] Conscrypt TrustManagerImpl.checkTrustedRecursive() bypassed
[*] Conscrypt TrustManagerImpl.checkTrustedRecursive() bypassed
[*] Conscrypt TrustManagerImpl.checkTrustedRecursive() bypassed
[*] Conscrypt TrustManagerImpl.checkTrustedRecursive() bypassed
[*] Conscrypt TrustManagerImpl.checkTrustedRecursive() bypassed
[*] Conscrypt TrustManagerImpl.checkTrustedRecursive() bypassed
[*] Conscrypt TrustManagerImpl.checkTrustedRecursive() bypassed
[*] Conscrypt TrustManagerImpl.checkTrustedRecursive() bypassed

Thank you for using Frida!
