     ____
    / _  |   Frida 17.9.1 - A world-class dynamic instrumentation toolkit
   | (_| |
    > _  |   Commands:
   /_/ |_|       help      -> Displays the help system
   . . . .       object?   -> Display information about 'object'
   . . . .       exit/quit -> Exit
   . . . .
   . . . .   More info at https://frida.re/docs/home/
   . . . .
   . . . .   Connected to Android Emulator 5554 (id=emulator-5554)
Spawning `com.qcplay.snail.android.na`...
Spawned `com.qcplay.snail.android.na`. Resuming main thread!
[Android Emulator 5554::com.qcplay.snail.android.na ]-> [*] Starting universal SSL unpinning...
[*] Bypassing TrustManager...
[+] TrustManager bypassed
[*] Bypassing OkHttp CertificatePinner...
[-] OkHttp bypass failed: check(): specified argument types do not match any of:
	.overload('java.lang.String', 'java.util.List')
	.overload('java.lang.String', '[Ljava.security.cert.Certificate;')
[*] Bypassing SSLContext...
[+] SSLContext bypassed
[*] Bypassing Conscrypt...
[+] Conscrypt bypassed
[*] Bypassing WebView SSL...
[+] WebView SSL bypassed
[*] Bypassing HostnameVerifier...
[+] HostnameVerifier bypassed
[*] Bypassing NetworkSecurityConfig...
[-] NetworkSecurityConfig bypass failed: isCleartextTrafficPermitted(): specified argument types do not match any of:
	.overload()
[*] Bypassing Unity networking...
[+] Unity networking bypass attempted
[*] All SSL pinning bypasses applied
[*] Waiting for network requests...
[*] Native BoringSSL unpin starting...
[*] Hooking BoringSSL certificate verification...
[*] Waiting for libcocos2dlua.so to load (attempt 1)...
[*] Waiting for libcocos2dlua.so to load (attempt 2)...
[*] Waiting for libcocos2dlua.so to load (attempt 3)...
[*] Waiting for libcocos2dlua.so to load (attempt 4)...
[*] Waiting for libcocos2dlua.so to load (attempt 5)...
[*] Waiting for libcocos2dlua.so to load (attempt 6)...
[*] Waiting for libcocos2dlua.so to load (attempt 7)...
[*] Waiting for libcocos2dlua.so to load (attempt 8)...
[*] Waiting for libcocos2dlua.so to load (attempt 9)...
[*] Waiting for libcocos2dlua.so to load (attempt 10)...
[*] Waiting for libcocos2dlua.so to load (attempt 11)...
[*] Waiting for libcocos2dlua.so to load (attempt 12)...
[*] Waiting for libcocos2dlua.so to load (attempt 13)...
[*] Waiting for libcocos2dlua.so to load (attempt 14)...
[*] Waiting for libcocos2dlua.so to load (attempt 15)...
[*] Waiting for libcocos2dlua.so to load (attempt 16)...
[*] Waiting for libcocos2dlua.so to load (attempt 17)...
[*] Waiting for libcocos2dlua.so to load (attempt 18)...
[*] Waiting for libcocos2dlua.so to load (attempt 19)...
[*] Waiting for libcocos2dlua.so to load (attempt 20)...
[*] Waiting for libcocos2dlua.so to load (attempt 21)...
[*] Waiting for libcocos2dlua.so to load (attempt 22)...
[*] Waiting for libcocos2dlua.so to load (attempt 23)...
[*] Waiting for libcocos2dlua.so to load (attempt 24)...
[*] Waiting for libcocos2dlua.so to load (attempt 25)...
[*] Waiting for libcocos2dlua.so to load (attempt 26)...
[*] Waiting for libcocos2dlua.so to load (attempt 27)...
[*] Waiting for libcocos2dlua.so to load (attempt 28)...
[*] Waiting for libcocos2dlua.so to load (attempt 29)...
[*] Waiting for libcocos2dlua.so to load (attempt 30)...
[*] Waiting for libcocos2dlua.so to load (attempt 31)...
[*] Waiting for libcocos2dlua.so to load (attempt 32)...
[*] Waiting for libcocos2dlua.so to load (attempt 33)...
[*] Waiting for libcocos2dlua.so to load (attempt 34)...
[*] Waiting for libcocos2dlua.so to load (attempt 35)...
[*] Waiting for libcocos2dlua.so to load (attempt 36)...
[*] Waiting for libcocos2dlua.so to load (attempt 37)...
[*] Waiting for libcocos2dlua.so to load (attempt 38)...
[*] Waiting for libcocos2dlua.so to load (attempt 39)...
[*] Waiting for libcocos2dlua.so to load (attempt 40)...
[*] Waiting for libcocos2dlua.so to load (attempt 41)...
[*] Waiting for libcocos2dlua.so to load (attempt 42)...
[*] Waiting for libcocos2dlua.so to load (attempt 43)...
[*] Waiting for libcocos2dlua.so to load (attempt 44)...
[*] Waiting for libcocos2dlua.so to load (attempt 45)...
[*] Waiting for libcocos2dlua.so to load (attempt 46)...
[*] Waiting for libcocos2dlua.so to load (attempt 47)...
[*] Waiting for libcocos2dlua.so to load (attempt 48)...
[*] Waiting for libcocos2dlua.so to load (attempt 49)...
[*] Waiting for libcocos2dlua.so to load (attempt 50)...
[*] Waiting for libcocos2dlua.so to load (attempt 51)...
[*] Waiting for libcocos2dlua.so to load (attempt 52)...
[*] Waiting for libcocos2dlua.so to load (attempt 53)...
[*] Waiting for libcocos2dlua.so to load (attempt 54)...
[*] Waiting for libcocos2dlua.so to load (attempt 55)...
[*] Waiting for libcocos2dlua.so to load (attempt 56)...
[*] Waiting for libcocos2dlua.so to load (attempt 57)...
[*] Waiting for libcocos2dlua.so to load (attempt 58)...
[*] Waiting for libcocos2dlua.so to load (attempt 59)...
[*] Waiting for libcocos2dlua.so to load (attempt 60)...
[-] Could not find libcocos2dlua.so base address after 60 attempts
[+] Native SSL unpinning complete
[*] SSLContext.getInstance() hooked: Default
[*] Conscrypt TrustManagerImpl.checkTrustedRecursive() bypassed
[*] Conscrypt TrustManagerImpl.checkTrustedRecursive() bypassed
[*] Conscrypt TrustManagerImpl.checkTrustedRecursive() bypassed
[*] Conscrypt TrustManagerImpl.checkTrustedRecursive() bypassed
[*] SSLContext.getInstance() hooked: TLS
[*] SSLContext.init() hooked
[*] Conscrypt TrustManagerImpl.checkTrustedRecursive() bypassed
[*] Conscrypt TrustManagerImpl.checkTrustedRecursive() bypassed
[*] SSLContext.getInstance() hooked: TLS
[*] SSLContext.getInstance() hooked: TLS
[*] SSLContext.getInstance() hooked: TLS
[*] SSLContext.init() hooked
[*] SSLContext.init() hooked
[*] SSLContext.init() hooked
[*] Conscrypt TrustManagerImpl.checkTrustedRecursive() bypassed
[*] SSLContext.getInstance() hooked: TLS
[*] SSLContext.init() hooked
[*] SSLContext.getInstance() hooked: TLS
[*] SSLContext.init() hooked
[*] Conscrypt TrustManagerImpl.checkTrustedRecursive() bypassed
[*] Conscrypt TrustManagerImpl.checkTrustedRecursive() bypassed
[*] Conscrypt TrustManagerImpl.checkTrustedRecursive() bypassed
[*] Conscrypt TrustManagerImpl.checkTrustedRecursive() bypassed
[*] Conscrypt TrustManagerImpl.checkTrustedRecursive() bypassed
[*] SSLContext.getInstance() hooked: TLS
[*] SSLContext.init() hooked
[*] SSLContext.getInstance() hooked: TLS
[*] SSLContext.init() hooked
[*] Conscrypt TrustManagerImpl.checkTrustedRecursive() bypassed
[*] Conscrypt TrustManagerImpl.checkTrustedRecursive() bypassed
[*] Conscrypt TrustManagerImpl.checkTrustedRecursive() bypassed
[*] Conscrypt TrustManagerImpl.checkTrustedRecursive() bypassed
[*] Conscrypt TrustManagerImpl.checkTrustedRecursive() bypassed
[*] Conscrypt TrustManagerImpl.checkTrustedRecursive() bypassed
[*] Conscrypt TrustManagerImpl.checkTrustedRecursive() bypassed
[*] Conscrypt TrustManagerImpl.checkTrustedRecursive() bypassed
[*] Conscrypt TrustManagerImpl.checkTrustedRecursive() bypassed
[*] Conscrypt TrustManagerImpl.checkTrustedRecursive() bypassed
[*] Conscrypt TrustManagerImpl.checkTrustedRecursive() bypassed
[*] Conscrypt TrustManagerImpl.checkTrustedRecursive() bypassed
[*] Conscrypt TrustManagerImpl.checkTrustedRecursive() bypassed
[*] Conscrypt TrustManagerImpl.checkTrustedRecursive() bypassed
[*] Conscrypt TrustManagerImpl.checkTrustedRecursive() bypassed
[*] Conscrypt TrustManagerImpl.checkTrustedRecursive() bypassed
[*] Conscrypt TrustManagerImpl.checkTrustedRecursive() bypassed
[*] Conscrypt TrustManagerImpl.checkTrustedRecursive() bypassed
[*] Conscrypt TrustManagerImpl.checkTrustedRecursive() bypassed
[*] Conscrypt TrustManagerImpl.checkTrustedRecursive() bypassed
[*] Conscrypt TrustManagerImpl.checkTrustedRecursive() bypassed

Thank you for using Frida!
