     ____
    / _  |   Frida 17.9.1 - A world-class dynamic instrumentation toolkit
   | (_| |
    > _  |   Commands:
   /_/ |_|       help      -> Displays the help system
   . . . .       object?   -> Display information about 'object'
   . . . .       exit/quit -> Exit
   . . . .
   . . . .   More info at https://frida.re/docs/home/
   . . . .
   . . . .   Connected to Android Emulator 5554 (id=emulator-5554)
Attaching...
[Android Emulator 5554::Super Snail ]-> 
var fopen = new NativeFunction(Module.getGlobalExportByName('libc.so', 'fopen'), 'pointer', ['pointer', 'pointer']);
var fgets = new NativeFunction(Module.getGlobalExportByName('libc.so', 'fgets'), 'pointer', ['pointer', 'int', 'pointer']);
var fclose = new NativeFunction(Module.getGlobalExportByName('libc.so', 'fclose'), 'int', ['pointer']);
var path = Memory.allocUtf8String('/proc/self/maps');
var mode = Memory.allocUtf8String('r');
var fp = fopen(path, mode);
var buffer = Memory.alloc(1024);
var found = false;
while (true) {
  var line = fgets(buffer, 1024, fp);
  if (line.isNull()) break;
  var str = Memory.readUtf8String(buffer);
  if (str.indexOf('libcocos2dlua.so') !== -1) {
    console.log(str.trim());
    found = true;
    break;
  }
}
fclose(fp);
console.log('Found:', found);

Error: unable to find global export 'libc.so'
    at value (/frida/runtime/core.js:218)
    at <eval> (<input>:2)
[Android Emulator 5554::Super Snail ]-> 
Thank you for using Frida!
