     ____
    / _  |   Frida 17.9.1 - A world-class dynamic instrumentation toolkit
   | (_| |
    > _  |   Commands:
   /_/ |_|       help      -> Displays the help system
   . . . .       object?   -> Display information about 'object'
   . . . .       exit/quit -> Exit
   . . . .
   . . . .   More info at https://frida.re/docs/home/
   . . . .
   . . . .   Connected to Android Emulator 5554 (id=emulator-5554)
Attaching...
[Android Emulator 5554::Super Snail ]-> 
var libc = Process.findModuleByName('libc.so');
console.log('libc:', libc);
var fgets_addr = libc.findExportByName('fgets');
console.log('fgets_addr:', fgets_addr);
var fgets = new NativeFunction(fgets_addr, 'pointer', ['pointer', 'int', 'pointer']);
console.log('fgets type:', typeof fgets);

libc: [object Object]
fgets_addr: 0x78d43ff001f0
fgets type: function
[Android Emulator 5554::Super Snail ]-> 
Thank you for using Frida!
