     ____
    / _  |   Frida 17.9.1 - A world-class dynamic instrumentation toolkit
   | (_| |
    > _  |   Commands:
   /_/ |_|       help      -> Displays the help system
   . . . .       object?   -> Display information about 'object'
   . . . .       exit/quit -> Exit
   . . . .
   . . . .   More info at https://frida.re/docs/home/
   . . . .
   . . . .   Connected to Android Emulator 5554 (id=emulator-5554)
Attaching...
[Android Emulator 5554::Super Snail ]-> 
var mods = Process.enumerateModules();
var linker = mods.filter(function(m) { return m.name === 'linker64'; })[0];
console.log('Module keys:', Object.keys(linker));
console.log('Exports sample:', linker.exports.slice(0,5).map(function(e) { return e.name; }));
var dlopen_exports = linker.exports.filter(function(e) { return e.name.indexOf('dlopen') !== -1; });
console.log('dlopen exports:', dlopen_exports.map(function(e) { return e.name + ' @ ' + e.address; }));

Module keys: 
TypeError: cannot read property 'slice' of undefined
    at <eval> (<input>:5)
[Android Emulator 5554::Super Snail ]-> 
Thank you for using Frida!
