     ____
    / _  |   Frida 17.9.1 - A world-class dynamic instrumentation toolkit
   | (_| |
    > _  |   Commands:
   /_/ |_|       help      -> Displays the help system
   . . . .       object?   -> Display information about 'object'
   . . . .       exit/quit -> Exit
   . . . .
   . . . .   More info at https://frida.re/docs/home/
   . . . .
   . . . .   Connected to Android Emulator 5554 (id=emulator-5554)
Attaching...
[Android Emulator 5554::Super Snail ]-> 
var libc = Process.findModuleByName('libc.so');
var fopen = new NativeFunction(libc.findExportByName('fopen'), 'pointer', ['pointer', 'pointer']);
var fgets = new NativeFunction(libc.findExportByName('fgets'), 'pointer', ['pointer', 'int', 'pointer']);
var fclose = new NativeFunction(libc.findExportByName('fclose'), 'int', ['pointer']);
var path = Memory.allocUtf8String('/proc/self/maps');
var mode = Memory.allocUtf8String('r');
var fp = fopen(path, mode);
var buffer = Memory.alloc(2048);
var found = false;
var count = 0;
while (true) {
  var line = fgets(buffer, 2048, fp);
  if (line.isNull()) break;
  var str = buffer.readUtf8String();
  count++;
  if (str.indexOf('libcocos2dlua.so') !== -1) {
    console.log('Found at line', count, ':', str.trim().substring(0, 60));
    found = true;
    break;
  }
}
fclose(fp);
console.log('Total lines read:', count);
console.log('Found:', found);

Found at line 1997 : 78d12fe6b000-78d13104b000 r--p 00000000 fe:28 229521        
Total lines read: 1997
Found: true
[Android Emulator 5554::Super Snail ]-> 
Thank you for using Frida!
