     ____
    / _  |   Frida 17.9.1 - A world-class dynamic instrumentation toolkit
   | (_| |
    > _  |   Commands:
   /_/ |_|       help      -> Displays the help system
   . . . .       object?   -> Display information about 'object'
   . . . .       exit/quit -> Exit
   . . . .
   . . . .   More info at https://frida.re/docs/home/
   . . . .
   . . . .   Connected to Android Emulator 5554 (id=emulator-5554)
Attaching...
[Android Emulator 5554::Super Snail ]-> 
var m = Process.findModuleByAddress(ptr('0x78d13643d000'));
console.log('Module by address:', m ? m.name : 'null');
if (m) {
  console.log('Module base:', m.base);
  console.log('Module size:', m.size);
  console.log('Module path:', m.path);
}

Module by address: null
[Android Emulator 5554::Super Snail ]-> 
Thank you for using Frida!
