     ____
    / _  |   Frida 17.9.1 - A world-class dynamic instrumentation toolkit
   | (_| |
    > _  |   Commands:
   /_/ |_|       help      -> Displays the help system
   . . . .       object?   -> Display information about 'object'
   . . . .       exit/quit -> Exit
   . . . .
   . . . .   More info at https://frida.re/docs/home/
   . . . .
   . . . .   Connected to Android Emulator 5554 (id=emulator-5554)
Attaching...
[Android Emulator 5554::Super Snail ]-> 
var mods = Process.enumerateModules();
for (var i = 0; i < mods.length; i++) {
  if (mods[i].name.indexOf('cocos') !== -1 || mods[i].name.indexOf('lua') !== -1 || mods[i].name.indexOf('game') !== -1) {
    console.log('Found:', mods[i].name, '@', mods[i].base);
  }
}
console.log('Total:', mods.length);

Total: 331
[Android Emulator 5554::Super Snail ]-> 
Thank you for using Frida!
