     ____
    / _  |   Frida 17.9.1 - A world-class dynamic instrumentation toolkit
   | (_| |
    > _  |   Commands:
   /_/ |_|       help      -> Displays the help system
   . . . .       object?   -> Display information about 'object'
   . . . .       exit/quit -> Exit
   . . . .
   . . . .   More info at https://frida.re/docs/home/
   . . . .
   . . . .   Connected to Android Emulator 5554 (id=emulator-5554)
Attaching...
[Android Emulator 5554::Super Snail ]-> 
var libc = Process.findModuleByName('libc.so');
console.log('libc found:', libc ? libc.name : 'null');
if (libc) {
  console.log('libc base:', libc.base);
  var fopen = libc.findExportByName('fopen');
  console.log('fopen:', fopen);
}

libc found: libc.so
libc base: 0x78d43fe3a000
fopen: 0x78d43fefec00
[Android Emulator 5554::Super Snail ]-> 
Thank you for using Frida!
