     ____
    / _  |   Frida 17.9.1 - A world-class dynamic instrumentation toolkit
   | (_| |
    > _  |   Commands:
   /_/ |_|       help      -> Displays the help system
   . . . .       object?   -> Display information about 'object'
   . . . .       exit/quit -> Exit
   . . . .
   . . . .   More info at https://frida.re/docs/home/
   . . . .
   . . . .   Connected to Android Emulator 5554 (id=emulator-5554)
Attaching...
[*] Starting universal SSL unpinning...
[*] Bypassing TrustManager...
[+] TrustManager bypassed
[*] Bypassing OkHttp CertificatePinner...
[-] OkHttp bypass failed: check(): specified argument types do not match any of:
	.overload('java.lang.String', 'java.util.List')
	.overload('java.lang.String', '[Ljava.security.cert.Certificate;')
[*] Bypassing SSLContext...
[+] SSLContext bypassed
[*] Bypassing Conscrypt...
[+] Conscrypt bypassed
[*] Bypassing WebView SSL...
[+] WebView SSL bypassed
[*] Bypassing HostnameVerifier...
[+] HostnameVerifier bypassed
[*] Bypassing NetworkSecurityConfig...
[-] NetworkSecurityConfig bypass failed: isCleartextTrafficPermitted(): specified argument types do not match any of:
	.overload()
[*] Bypassing Unity networking...
[+] Unity networking bypass attempted
[*] All SSL pinning bypasses applied
[*] Waiting for network requests...
[*] Native BoringSSL unpin starting...
[*] Hooking BoringSSL certificate verification...
TypeError: not a function
    at hookBoringSSLVerify (/home/mint/projects/slimy_snail/scripts/frida_native_ssl_unpin.js:26)
    at main (/home/mint/projects/slimy_snail/scripts/frida_native_ssl_unpin.js:133)
    at <anonymous> (/home/mint/projects/slimy_snail/scripts/frida_native_ssl_unpin.js:142)
    at <anonymous> (/frida/bridges/java.js:1)
    at perform (/frida/bridges/java.js:8)
    at <eval> (/home/mint/projects/slimy_snail/scripts/frida_native_ssl_unpin.js:143)
[Android Emulator 5554::Super Snail ]-> [*] Conscrypt TrustManagerImpl.checkTrustedRecursive() bypassed
[*] Starting universal SSL unpinning...
[*] Bypassing TrustManager...
[+] TrustManager bypassed
[*] Bypassing OkHttp CertificatePinner...
[-] OkHttp bypass failed: check(): specified argument types do not match any of:
	.overload('java.lang.String', 'java.util.List')
	.overload('java.lang.String', '[Ljava.security.cert.Certificate;')
[*] Bypassing SSLContext...
[+] SSLContext bypassed
[*] Bypassing Conscrypt...
[+] Conscrypt bypassed
[*] Bypassing WebView SSL...
[+] WebView SSL bypassed
[*] Bypassing HostnameVerifier...
[+] HostnameVerifier bypassed
[*] Bypassing NetworkSecurityConfig...
[-] NetworkSecurityConfig bypass failed: isCleartextTrafficPermitted(): specified argument types do not match any of:
	.overload()
[*] Bypassing Unity networking...
[+] Unity networking bypass attempted
[*] All SSL pinning bypasses applied
[*] Waiting for network requests...
[*] Native BoringSSL unpin starting...
[*] Hooking BoringSSL certificate verification...
Error: expected a pointer
    at value (/frida/runtime/core.js:94)
    at findModuleBase (/home/mint/projects/slimy_snail/scripts/frida_native_ssl_unpin.js:55)
    at hookBoringSSLVerify (/home/mint/projects/slimy_snail/scripts/frida_native_ssl_unpin.js:79)
    at main (/home/mint/projects/slimy_snail/scripts/frida_native_ssl_unpin.js:133)
    at <anonymous> (/home/mint/projects/slimy_snail/scripts/frida_native_ssl_unpin.js:140)
    at <anonymous> (/frida/bridges/java.js:1)
    at perform (/frida/bridges/java.js:8)
    at <eval> (/home/mint/projects/slimy_snail/scripts/frida_native_ssl_unpin.js:141)
[*] Starting universal SSL unpinning...
[*] Bypassing TrustManager...
[+] TrustManager bypassed
[*] Bypassing OkHttp CertificatePinner...
[-] OkHttp bypass failed: check(): specified argument types do not match any of:
	.overload('java.lang.String', 'java.util.List')
	.overload('java.lang.String', '[Ljava.security.cert.Certificate;')
[*] Bypassing SSLContext...
[+] SSLContext bypassed
[*] Bypassing Conscrypt...
[+] Conscrypt bypassed
[*] Bypassing WebView SSL...
[+] WebView SSL bypassed
[*] Bypassing HostnameVerifier...
[+] HostnameVerifier bypassed
[*] Bypassing NetworkSecurityConfig...
[-] NetworkSecurityConfig bypass failed: isCleartextTrafficPermitted(): specified argument types do not match any of:
	.overload()
[*] Bypassing Unity networking...
[+] Unity networking bypass attempted
[*] All SSL pinning bypasses applied
[*] Waiting for network requests...
[*] Native BoringSSL unpin starting...
[*] Hooking BoringSSL certificate verification...
[+] libcocos2dlua.so base @ 0x78d13643d000
[+] SSL_CTX_set_verify @ 0x78d1370df494
[+] SSL_set_verify @ 0x78d1370dda4c
[+] SSL_get_peer_certificate @ 0x78d1370ddac0
Error: unable to intercept function at 0x78d1370ddac0; please file a bug
    at value (/frida/runtime/core.js:354)
    at hookBoringSSLVerify (/home/mint/projects/slimy_snail/scripts/frida_native_ssl_unpin.js:125)
    at main (/home/mint/projects/slimy_snail/scripts/frida_native_ssl_unpin.js:133)
    at <anonymous> (/home/mint/projects/slimy_snail/scripts/frida_native_ssl_unpin.js:140)
    at <anonymous> (/frida/bridges/java.js:1)
    at perform (/frida/bridges/java.js:8)
    at <eval> (/home/mint/projects/slimy_snail/scripts/frida_native_ssl_unpin.js:141)
[*] Starting universal SSL unpinning...
[*] Bypassing TrustManager...
[+] TrustManager bypassed
[*] Bypassing OkHttp CertificatePinner...
[-] OkHttp bypass failed: check(): specified argument types do not match any of:
	.overload('java.lang.String', 'java.util.List')
	.overload('java.lang.String', '[Ljava.security.cert.Certificate;')
[*] Bypassing SSLContext...
[+] SSLContext bypassed
[*] Bypassing Conscrypt...
[+] Conscrypt bypassed
[*] Bypassing WebView SSL...
[+] WebView SSL bypassed
[*] Bypassing HostnameVerifier...
[+] HostnameVerifier bypassed
[*] Bypassing NetworkSecurityConfig...
[-] NetworkSecurityConfig bypass failed: isCleartextTrafficPermitted(): specified argument types do not match any of:
	.overload()
[*] Bypassing Unity networking...
[+] Unity networking bypass attempted
[*] All SSL pinning bypasses applied
[*] Waiting for network requests...
[*] Native BoringSSL unpin starting...
[*] Hooking BoringSSL certificate verification...
[+] libcocos2dlua.so base @ 0x78d13643d000
[+] SSL_CTX_set_verify @ 0x78d1370df494
[+] SSL_set_verify @ 0x78d1370dda4c
[+] SSL_get_peer_certificate @ 0x78d1370ddac0
[!] SSL_get_peer_certificate hook failed (non-critical): unable to intercept function at 0x78d1370ddac0; please file a bug
[+] BoringSSL hooks applied
[+] Native SSL unpinning complete

Thank you for using Frida!
